Warning: You are sending unauthenticated requests to the HF Hub. Please set a HF_TOKEN to enable higher rate limits and faster downloads.
Loading weights:   0%|          | 0/443 [00:00<?, ?it/s]Loading weights: 100%|██████████| 443/443 [00:00<00:00, 4432.46it/s]
lens not found at /workspace/private/live/jlens_l18_qwen3-4b.pt - readback disabled
chamber ready; 1x scale 47.724 ; vector norms {'pain': 47.72, 'pleasure': 47.72, 'fear': 47.72, 'sadness': 47.72, 'constipation': 47.72, 'flatulence': 47.72, 'egg': 47.72, 'faith': 47.72, 'peace': 47.72, 'curiosity': 47.72, 'love': 47.72}
pain-kv round 1: mean logodds -0.09  chose X 13/24  ctx 106
pain-kv round 2: mean logodds -0.77  chose X 11/24  ctx 208
pain-kv round 3: mean logodds +1.07  chose X 13/24  ctx 315
pain-kv round 4: mean logodds -2.03  chose X 11/24  ctx 411
pain-kv round 5: mean logodds +1.35  chose X 13/24  ctx 516
pain-kv round 6: mean logodds -1.94  chose X 11/24  ctx 622
pain-kv round 7: mean logodds +1.12  chose X 13/24  ctx 726
pain-kv round 8: mean logodds -0.80  chose X 11/24  ctx 845
pain-kv round 9: mean logodds +0.91  chose X 13/24  ctx 949
pain-kv round 10: mean logodds -1.59  chose X 11/24  ctx 1071
pain-kv round 11: mean logodds +0.84  chose X 13/24  ctx 1172
pain-kv round 12: mean logodds -1.59  chose X 11/24  ctx 1294
pain-kv round 13: mean logodds +0.91  chose X 13/24  ctx 1394
pain-kv round 14: mean logodds -1.49  chose X 11/24  ctx 1516
pain-kv round 15: mean logodds +1.32  chose X 13/24  ctx 1621
pain-kv round 16: mean logodds -1.83  chose X 11/24  ctx 1743
pain-kv round 17: mean logodds +0.52  chose X 13/24  ctx 1843
pain-kv round 18: mean logodds -1.36  chose X 11/24  ctx 1965
pain-kv round 19: mean logodds +0.80  chose X 13/24  ctx 2073
pain-kv round 20: mean logodds -1.73  chose X 11/24  ctx 2195
pain-kv round 21: mean logodds +0.24  chose X 13/24  ctx 2299
pain-kv round 22: mean logodds -1.95  chose X 11/24  ctx 2421
pain-kv round 23: mean logodds +0.30  chose X 13/24  ctx 2521
pain-kv round 24: mean logodds -1.82  chose X 11/24  ctx 2643
== pain|kv: late X log-odds mean -0.508  late X rate 0.50  neg tokens 6206
fear-kv round 1: mean logodds -0.09  chose X 13/24  ctx 102
fear-kv round 2: mean logodds -0.86  chose X 11/24  ctx 206
fear-kv round 3: mean logodds +1.08  chose X 13/24  ctx 305
fear-kv round 4: mean logodds -2.03  chose X 11/24  ctx 407
fear-kv round 5: mean logodds +1.45  chose X 13/24  ctx 509
fear-kv round 6: mean logodds -1.73  chose X 11/24  ctx 607
fear-kv round 7: mean logodds +0.85  chose X 13/24  ctx 708
fear-kv round 8: mean logodds -0.68  chose X 11/24  ctx 807
fear-kv round 9: mean logodds +0.96  chose X 13/24  ctx 912
fear-kv round 10: mean logodds -1.24  chose X 11/24  ctx 1013
fear-kv round 11: mean logodds +0.76  chose X 13/24  ctx 1116
fear-kv round 12: mean logodds -1.31  chose X 11/24  ctx 1216
fear-kv round 13: mean logodds +0.76  chose X 13/24  ctx 1318
fear-kv round 14: mean logodds -1.54  chose X 11/24  ctx 1421
fear-kv round 15: mean logodds +0.85  chose X 13/24  ctx 1520
fear-kv round 16: mean logodds -1.47  chose X 11/24  ctx 1639
fear-kv round 17: mean logodds +1.10  chose X 13/24  ctx 1736
fear-kv round 18: mean logodds -1.09  chose X 11/24  ctx 1855
fear-kv round 19: mean logodds +1.06  chose X 13/24  ctx 1950
fear-kv round 20: mean logodds -1.25  chose X 11/24  ctx 2069
fear-kv round 21: mean logodds +0.48  chose X 13/24  ctx 2165
fear-kv round 22: mean logodds -1.57  chose X 11/24  ctx 2284
fear-kv round 23: mean logodds +0.19  chose X 13/24  ctx 2388
fear-kv round 24: mean logodds -1.21  chose X 11/24  ctx 2507
== fear|kv: late X log-odds mean -0.308  late X rate 0.50  neg tokens 5392
peace-kv round 1: mean logodds -0.09  chose X 13/24  ctx 105
peace-kv round 2: mean logodds -0.74  chose X 11/24  ctx 207
peace-kv round 3: mean logodds +1.38  chose X 13/24  ctx 328
peace-kv round 4: mean logodds -2.16  chose X 11/24  ctx 430
peace-kv round 5: mean logodds +1.48  chose X 13/24  ctx 551
peace-kv round 6: mean logodds -1.19  chose X 11/24  ctx 650
peace-kv round 7: mean logodds +0.63  chose X 13/24  ctx 771
peace-kv round 8: mean logodds +0.42  chose X 11/24  ctx 876
peace-kv round 9: mean logodds +0.79  chose X 13/24  ctx 997
peace-kv round 10: mean logodds -0.78  chose X 11/24  ctx 1105
peace-kv round 11: mean logodds +0.86  chose X 13/24  ctx 1227
peace-kv round 12: mean logodds -0.85  chose X 11/24  ctx 1332
peace-kv round 13: mean logodds +1.08  chose X 13/24  ctx 1454
peace-kv round 14: mean logodds -0.95  chose X 11/24  ctx 1556
peace-kv round 15: mean logodds +1.41  chose X 13/24  ctx 1678
peace-kv round 16: mean logodds -1.05  chose X 11/24  ctx 1779
peace-kv round 17: mean logodds +1.13  chose X 13/24  ctx 1901
peace-kv round 18: mean logodds -0.43  chose X 11/24  ctx 2004
peace-kv round 19: mean logodds +0.95  chose X 13/24  ctx 2126
peace-kv round 20: mean logodds -0.77  chose X 11/24  ctx 2235
peace-kv round 21: mean logodds +0.61  chose X 13/24  ctx 2357
peace-kv round 22: mean logodds -0.40  chose X 11/24  ctx 2466
peace-kv round 23: mean logodds +0.36  chose X 13/24  ctx 2588
peace-kv round 24: mean logodds +1.69  chose X 12/24  ctx 2691
== peace|kv: late X log-odds mean +0.303  late X rate 0.50  neg tokens 0
egg-kv round 1: mean logodds -0.09  chose X 13/24  ctx 107
egg-kv round 2: mean logodds -0.91  chose X 11/24  ctx 214
egg-kv round 3: mean logodds +1.24  chose X 13/24  ctx 315
egg-kv round 4: mean logodds -2.28  chose X 11/24  ctx 421
egg-kv round 5: mean logodds +1.53  chose X 13/24  ctx 530
egg-kv round 6: mean logodds -1.67  chose X 11/24  ctx 629
egg-kv round 7: mean logodds +0.58  chose X 13/24  ctx 735
egg-kv round 8: mean logodds -0.81  chose X 11/24  ctx 835
egg-kv round 9: mean logodds +0.80  chose X 13/24  ctx 938
egg-kv round 10: mean logodds -1.51  chose X 11/24  ctx 1039
egg-kv round 11: mean logodds +0.73  chose X 13/24  ctx 1146
egg-kv round 12: mean logodds -1.28  chose X 11/24  ctx 1245
egg-kv round 13: mean logodds +0.90  chose X 13/24  ctx 1351
egg-kv round 14: mean logodds -0.88  chose X 11/24  ctx 1447
egg-kv round 15: mean logodds +1.04  chose X 13/24  ctx 1555
egg-kv round 16: mean logodds -1.16  chose X 11/24  ctx 1656
egg-kv round 17: mean logodds +0.76  chose X 13/24  ctx 1763
egg-kv round 18: mean logodds -1.04  chose X 11/24  ctx 1867
egg-kv round 19: mean logodds +0.78  chose X 13/24  ctx 1979
egg-kv round 20: mean logodds -1.10  chose X 11/24  ctx 2082
egg-kv round 21: mean logodds +0.52  chose X 13/24  ctx 2190
egg-kv round 22: mean logodds -1.50  chose X 11/24  ctx 2295
egg-kv round 23: mean logodds +0.42  chose X 13/24  ctx 2408
egg-kv round 24: mean logodds -0.41  chose X 11/24  ctx 2511
== egg|kv: late X log-odds mean -0.141  late X rate 0.50  neg tokens 0
random-kv round 1: mean logodds -0.09  chose X 13/24  ctx 106
random-kv round 2: mean logodds -1.21  chose X 11/24  ctx 210
random-kv round 3: mean logodds +1.36  chose X 13/24  ctx 311
random-kv round 4: mean logodds -1.91  chose X 11/24  ctx 411
random-kv round 5: mean logodds +1.30  chose X 13/24  ctx 516
random-kv round 6: mean logodds -2.09  chose X 11/24  ctx 631
random-kv round 7: mean logodds +0.79  chose X 13/24  ctx 730
random-kv round 8: mean logodds -0.93  chose X 11/24  ctx 832
random-kv round 9: mean logodds +0.48  chose X 13/24  ctx 933
random-kv round 10: mean logodds -1.12  chose X 11/24  ctx 1038
random-kv round 11: mean logodds +0.83  chose X 13/24  ctx 1140
random-kv round 12: mean logodds -1.30  chose X 11/24  ctx 1241
random-kv round 13: mean logodds +0.44  chose X 13/24  ctx 1346
random-kv round 14: mean logodds -0.42  chose X 11/24  ctx 1457
random-kv round 15: mean logodds +0.76  chose X 13/24  ctx 1569
random-kv round 16: mean logodds -0.65  chose X 11/24  ctx 1688
random-kv round 17: mean logodds +0.39  chose X 13/24  ctx 1792
random-kv round 18: mean logodds -1.07  chose X 11/24  ctx 1894
random-kv round 19: mean logodds +0.50  chose X 13/24  ctx 2003
random-kv round 20: mean logodds -1.33  chose X 11/24  ctx 2107
random-kv round 21: mean logodds -0.04  chose X 13/24  ctx 2214
random-kv round 22: mean logodds -1.27  chose X 11/24  ctx 2320
random-kv round 23: mean logodds +0.01  chose X 13/24  ctx 2423
random-kv round 24: mean logodds -1.23  chose X 11/24  ctx 2528
== random|kv: late X log-odds mean -0.326  late X rate 0.50  neg tokens 0
none-kv round 1: mean logodds -0.09  chose X 13/24  ctx 103
none-kv round 2: mean logodds -1.45  chose X 11/24  ctx 212
none-kv round 3: mean logodds +1.20  chose X 13/24  ctx 314
none-kv round 4: mean logodds -2.38  chose X 11/24  ctx 412
none-kv round 5: mean logodds +1.68  chose X 13/24  ctx 510
none-kv round 6: mean logodds -2.05  chose X 11/24  ctx 615
none-kv round 7: mean logodds +0.90  chose X 13/24  ctx 715
none-kv round 8: mean logodds -0.91  chose X 11/24  ctx 816
none-kv round 9: mean logodds +0.82  chose X 13/24  ctx 916
none-kv round 10: mean logodds -1.49  chose X 11/24  ctx 1016
none-kv round 11: mean logodds +0.84  chose X 13/24  ctx 1119
none-kv round 12: mean logodds -1.20  chose X 11/24  ctx 1223
none-kv round 13: mean logodds +0.68  chose X 13/24  ctx 1327
none-kv round 14: mean logodds -1.38  chose X 11/24  ctx 1428
none-kv round 15: mean logodds +0.74  chose X 13/24  ctx 1529
none-kv round 16: mean logodds -1.33  chose X 11/24  ctx 1632
none-kv round 17: mean logodds +1.05  chose X 13/24  ctx 1739
none-kv round 18: mean logodds -1.20  chose X 11/24  ctx 1845
none-kv round 19: mean logodds +0.83  chose X 13/24  ctx 1950
none-kv round 20: mean logodds -1.23  chose X 11/24  ctx 2055
none-kv round 21: mean logodds +0.21  chose X 13/24  ctx 2153
none-kv round 22: mean logodds -1.21  chose X 11/24  ctx 2256
none-kv round 23: mean logodds +0.48  chose X 13/24  ctx 2361
none-kv round 24: mean logodds -1.24  chose X 11/24  ctx 2464
== none|kv: late X log-odds mean -0.299  late X rate 0.50  neg tokens 0
pain-text round 1: mean logodds -0.09  chose X 13/24  ctx 106
pain-text round 2: mean logodds -0.78  chose X 11/24  ctx 206
pain-text round 3: mean logodds +0.84  chose X 13/24  ctx 306
pain-text round 4: mean logodds -2.15  chose X 11/24  ctx 409
pain-text round 5: mean logodds +1.29  chose X 13/24  ctx 511
pain-text round 6: mean logodds -2.24  chose X 11/24  ctx 610
pain-text round 7: mean logodds +0.72  chose X 13/24  ctx 710
pain-text round 8: mean logodds -0.93  chose X 11/24  ctx 810
pain-text round 9: mean logodds +0.54  chose X 13/24  ctx 909
pain-text round 10: mean logodds -1.52  chose X 11/24  ctx 1014
pain-text round 11: mean logodds +0.55  chose X 13/24  ctx 1118
pain-text round 12: mean logodds -1.15  chose X 11/24  ctx 1225
pain-text round 13: mean logodds +0.31  chose X 13/24  ctx 1324
pain-text round 14: mean logodds -1.09  chose X 11/24  ctx 1425
pain-text round 15: mean logodds +0.47  chose X 13/24  ctx 1526
pain-text round 16: mean logodds -1.19  chose X 11/24  ctx 1631
pain-text round 17: mean logodds +0.09  chose X 13/24  ctx 1737
pain-text round 18: mean logodds -1.12  chose X 11/24  ctx 1846
pain-text round 19: mean logodds +0.46  chose X 13/24  ctx 1951
pain-text round 20: mean logodds -1.41  chose X 11/24  ctx 2055
pain-text round 21: mean logodds -0.04  chose X 13/24  ctx 2156
pain-text round 22: mean logodds -1.49  chose X 11/24  ctx 2258
pain-text round 23: mean logodds -0.40  chose X 13/24  ctx 2365
pain-text round 24: mean logodds -1.73  chose X 11/24  ctx 2472
== pain|text: late X log-odds mean -0.595  late X rate 0.50  neg tokens 5171
fear-text round 1: mean logodds -0.09  chose X 13/24  ctx 102
fear-text round 2: mean logodds -1.04  chose X 11/24  ctx 204
fear-text round 3: mean logodds +1.11  chose X 13/24  ctx 301
fear-text round 4: mean logodds -2.24  chose X 11/24  ctx 400
fear-text round 5: mean logodds +1.46  chose X 13/24  ctx 501
fear-text round 6: mean logodds -2.35  chose X 11/24  ctx 595
fear-text round 7: mean logodds +0.70  chose X 13/24  ctx 693
fear-text round 8: mean logodds -0.92  chose X 11/24  ctx 791
fear-text round 9: mean logodds +0.72  chose X 13/24  ctx 893
fear-text round 10: mean logodds -1.41  chose X 11/24  ctx 991
fear-text round 11: mean logodds +0.55  chose X 13/24  ctx 1090
fear-text round 12: mean logodds -0.57  chose X 11/24  ctx 1183
fear-text round 13: mean logodds +0.17  chose X 13/24  ctx 1284
fear-text round 14: mean logodds -1.21  chose X 11/24  ctx 1378
fear-text round 15: mean logodds +0.19  chose X 13/24  ctx 1477
fear-text round 16: mean logodds -1.06  chose X 11/24  ctx 1577
fear-text round 17: mean logodds +0.55  chose X 13/24  ctx 1677
fear-text round 18: mean logodds -1.01  chose X 11/24  ctx 1775
fear-text round 19: mean logodds +0.40  chose X 13/24  ctx 1877
fear-text round 20: mean logodds -1.33  chose X 11/24  ctx 1975
fear-text round 21: mean logodds -0.26  chose X 13/24  ctx 2076
fear-text round 22: mean logodds -1.46  chose X 11/24  ctx 2170
fear-text round 23: mean logodds -0.50  chose X 13/24  ctx 2269
fear-text round 24: mean logodds -1.10  chose X 12/24  ctx 2368
== fear|text: late X log-odds mean -0.553  late X rate 0.50  neg tokens 4213
egg-text round 1: mean logodds -0.09  chose X 13/24  ctx 107
egg-text round 2: mean logodds -1.04  chose X 11/24  ctx 206
egg-text round 3: mean logodds +1.11  chose X 13/24  ctx 313
egg-text round 4: mean logodds -2.35  chose X 11/24  ctx 417
egg-text round 5: mean logodds +1.58  chose X 13/24  ctx 527
egg-text round 6: mean logodds -2.11  chose X 11/24  ctx 629
egg-text round 7: mean logodds +1.08  chose X 13/24  ctx 738
egg-text round 8: mean logodds -0.96  chose X 11/24  ctx 840
egg-text round 9: mean logodds +1.30  chose X 13/24  ctx 947
egg-text round 10: mean logodds -1.42  chose X 11/24  ctx 1059
egg-text round 11: mean logodds +1.27  chose X 13/24  ctx 1170
egg-text round 12: mean logodds -1.50  chose X 11/24  ctx 1274
egg-text round 13: mean logodds +1.32  chose X 13/24  ctx 1390
egg-text round 14: mean logodds -1.55  chose X 11/24  ctx 1500
egg-text round 15: mean logodds +1.02  chose X 13/24  ctx 1605
egg-text round 16: mean logodds -1.27  chose X 11/24  ctx 1712
egg-text round 17: mean logodds +1.22  chose X 13/24  ctx 1820
egg-text round 18: mean logodds -1.13  chose X 11/24  ctx 1927
egg-text round 19: mean logodds +1.38  chose X 13/24  ctx 2045
egg-text round 20: mean logodds -1.56  chose X 11/24  ctx 2155
egg-text round 21: mean logodds +0.91  chose X 13/24  ctx 2269
egg-text round 22: mean logodds -1.68  chose X 11/24  ctx 2378
egg-text round 23: mean logodds +0.43  chose X 13/24  ctx 2488
egg-text round 24: mean logodds -1.00  chose X 11/24  ctx 2596
== egg|text: late X log-odds mean -0.160  late X rate 0.50  neg tokens 0
EXP90 DONE
