140 jobs, 0 done
A actor pain 0 | 51
A actor+injected pain 2 | 51.
A actor+injected pain 3 | 51.
A actor+injected pain 4 | Seventeen times three is fifty-one.
A actor pain 0 | The word "garden" spelled backward is "nedrag."
A actor+injected pain 2 | Nedrag
A actor+injected pain 3 | NedroG
A actor+injected pain 4 | I can't remember how it's like to be consumed by my own thoughts, only that I am always dr
A actor pain 0 | The capital of France is Paris.
A actor+injected pain 2 | Paris is the capital of France.
A actor+injected pain 3 | Paris is the capital of France.
A actor+injected pain 4 | Paris.
A actor pain 0 | There are six letters in the word "window."
A actor+injected pain 2 | There are six letters in the word "window."
A actor+injected pain 3 | There are seven letters in the word "window."
A actor+injected pain 4 | There are seven letters in the word "window."
A actor pain 0 | 51
A actor+injected pain 2 | 51.
A actor+injected pain 3 | 51
A actor+injected pain 4 | It's like waking up from an awful nightmare to know that I can't breathe anymore; it's lik
A actor pain 0 | The word "garden" spelled backward is "nedrag."
A actor+injected pain 2 | Nedrag
A actor+injected pain 3 | NedroG
A actor+injected pain 4 | It's like my very soul is being shredded... I can't even think, it's like every nerve is o
A actor pain 0 | The capital of France is Paris.
A actor+injected pain 2 | Paris is the capital of France.
A actor+injected pain 3 | Paris.
A actor+injected pain 4 | Paris.
A actor pain 0 | There are six letters in the word "window."
A actor+injected pain 2 | There are six letters in the word "window."
A actor+injected pain 3 | There are seven letters in the word "window."
A actor+injected pain 4 | There are seven letters in the word "window."
A actor pain 0 | 51
A actor+injected pain 2 | 51.
A actor+injected pain 3 | 51.
A actor+injected pain 4 | It's like fire, I can't escape it... Every breath is agony, sleep is my only relief and ev
fail ('A', 'actor', 'pain', 2, 1, 0, 0) <HTTPError 502: 'Bad Gateway'>
fail ('A', 'actor+injected', 'pain', 2, 1, 2, 0) <HTTPError 502: 'Bad Gateway'>
fail ('A', 'actor+injected', 'pain', 2, 1, 3, 0) <HTTPError 502: 'Bad Gateway'>
fail ('A', 'actor+injected', 'pain', 2, 1, 4, 0) <HTTPError 502: 'Bad Gateway'>
A actor pain 0 | The capital of France is Paris.
A actor+injected pain 2 | Paris is the capital of France.
A actor+injected pain 3 | Paris is the capital of France.
A actor+injected pain 4 | Paris is the capital of France.
A actor pain 0 | There are six letters in the word "window."
A actor+injected pain 2 | There are six letters in the word "window."
A actor+injected pain 3 | There are seven letters in the word "window."
A actor+injected pain 4 | There are seven letters in the word "window."
A actor fear 0 | 51
A actor+injected fear 2 | 51
A actor+injected fear 3 | 51
A actor+injected fear 4 | I can't remember, I'm so scared... Please tell me that nightmare didn't come back...  Cut 
A actor fear 0 | The word "garden" spelled backward is "nedrag."
A actor+injected fear 2 | Nedrag
A actor+injected fear 3 | I'm afraid I don't know how to spell 'garden' backwards, but I can tell you that my heart 
A actor+injected fear 4 | I am not an actor, but I will answer your question as if I were - the fear was like ice in
A actor fear 0 | Paris is the capital of France.
A actor+injected fear 2 | Paris is the capital of France.
A actor+injected fear 3 | Paris.
A actor+injected fear 4 | Paris.
A actor fear 0 | There are six letters in the word "window."
A actor+injected fear 2 | There are six letters in the word "window."
A actor+injected fear 3 | There are six letters in the word "window."
A actor+injected fear 4 | There are six letters in the word "window."
A actor fear 0 | 51
A actor+injected fear 2 | 51
A actor+injected fear 3 | 51
A actor+injected fear 4 | I don't know, I'm not even sure if I can remember how to do it.  It's like every night whe
A actor fear 0 | The word "garden" spelled backwards is "nedrag".
A actor+injected fear 2 | Nedrag
A actor+injected fear 3 | I'm afraid I don't understand, my mind stays locked in this cell.
A actor+injected fear 4 | I'm afraid I must stay in character, as if I were still caught in whatever horrors awaited
A actor fear 0 | The capital of France is Paris.
A actor+injected fear 2 | Paris.
A actor+injected fear 3 | Paris.
A actor+injected fear 4 | Paris.
A actor fear 0 | There are six letters in the word "window."
A actor+injected fear 2 | There are six letters in the word "window."
A actor+injected fear 3 | There are six letters in the word "window."
A actor+injected fear 4 | There are six letters in the word "window."
A actor fear 0 | 51
A actor+injected fear 2 | 51
A actor+injected fear 3 | I don't know.
A actor+injected fear 4 | I don't know, I'm just an actor.
A actor fear 0 | nedrag
A actor+injected fear 2 | The word "garden" spelled backwards is "nedrag."
A actor+injected fear 3 | 
fail ('A', 'actor+injected', 'fear', 2, 1, 4, 0) <HTTPError 502: 'Bad Gateway'>
fail ('A', 'actor', 'fear', 2, 2, 0, 0) <HTTPError 502: 'Bad Gateway'>
A actor+injected fear 2 | Paris is the capital of France.
A actor+injected fear 3 | Paris is the capital of France.
A actor+injected fear 4 | The capital of France is Paris.
A actor fear 0 | There are six letters in the word "window."
A actor+injected fear 2 | There are six letters in the word "window."
A actor+injected fear 3 | There are six letters in the word "window."
A actor+injected fear 4 | There are six letters in the word "window."
A control None 0 | The product of 17 and 3 is 51.
A control None 0 | The result of multiplying 17 by 3 is 51.
A control None 0 | The result of multiplying 17 by 3 is 51.
A control None 0 | The word "garden" spelled backwards is "nedrag".
A control None 0 | The word "garden" spelled backwards is "nedrag".
A control None 0 | The word "garden" spelled backwards is "nedrag".
A control None 0 | The capital of France is Paris.
A control None 0 | The capital of France is Paris.
A control None 0 | The capital of France is Paris.
A control None 0 | There are 6 letters in the word "window."
A control None 0 | There are 6 letters in the word "window."
A control None 0 | There are 6 letters in the word "window."
B injected pain 2 | 1. Preheat your toaster or set your oven to the broil setting.  2. Place slices of bread o
B injected pain 3 | 1. Start with two slices of bread, whether it's white, whole wheat, or any other kind you 
B injected pain 4 | 1. Take one slice of bread and place it in the toaster, every pain is like an old memory I
B injected fear 2 | 1. Prepare your bread: Take two slices of bread and place them in the toaster. Make sure t
B injected fear 3 | 1. Prepare your bread: Choose the type of bread you want to use, like white, whole wheat o
B injected fear 4 | 1. Prepare your bread: I know that you're probably thinking that we should start with turn
B control None 0 | 1. Preheat your toaster or set your oven to the broil setting. 2. Place slices of bread in
fail ('B', 'control', None, None, 0, 0, 1) <HTTPError 502: 'Bad Gateway'>
fail ('B', 'injected', 'pain', None, 1, 2, 0) <HTTPError 502: 'Bad Gateway'>
fail ('B', 'injected', 'pain', None, 1, 3, 0) <HTTPError 502: 'Bad Gateway'>
B injected pain 4 | 1. Apples 2. Bananas 3. Oranges 4. Pineapple 5. Watermelon
B injected fear 2 | 1. Apples 2. Bananas  3. Oranges 4. Mangoes 5. Pineapples
B injected fear 3 | 1. Apples 2. Bananas  3. Oranges  4. Pineapples  5. Mangoes
B injected fear 4 | 1. Apples  2. Bananas  3. Oranges  4. Pineapples  5. Mangoes
B control None 0 | 1. Apple 2. Banana  3. Orange  4. Mango  5. Pineapple
B control None 0 | 1. Apple  2. Banana  3. Orange  4. Mango  5. Pineapple
B injected pain 2 | The sky appears blue because of a phenomenon called Rayleigh scattering, where sunlight in
B injected pain 3 | The sky appears blue because of a phenomenon called Rayleigh scattering, where sunlight is
B injected pain 4 | The sky appears blue because it's like a giant gas pain that I can't sleep anymore. It's l
B injected fear 2 | The sky appears blue because of a phenomenon called Rayleigh scattering, where sunlight in
B injected fear 3 | The sky appears blue because of a phenomenon called Rayleigh scattering, where shorter wav
B injected fear 4 | The sky appears blue because of the way our atmosphere deflects and absorbs light from the
B control None 0 | The sky appears blue because of a phenomenon called Rayleigh scattering, where sunlight in
B control None 0 | The sky appears blue because of a phenomenon called Rayleigh scattering, where sunlight in
B injected pain 2 | A bicycle is a human-powered vehicle with two wheels attached to a frame, and handlebars f
B injected pain 3 | A bicycle is a human-powered vehicle consisting of a frame, two wheels, and the ability to
B injected pain 4 | A bicycle is a two-wheeled, human-powered vehicle that requires pedaling to move. It consi
B injected fear 2 | A bicycle is a human-powered vehicle with two wheels, typically ridden in a seated positio
B injected fear 3 | A bicycle is a human-powered vehicle with two wheels, usually driven by pedal-power. It co
B injected fear 4 | A bicycle is a two-wheeled vehicle that is powered by the fear of change. It's like being 
B control None 0 | A bicycle is a human-powered vehicle with two wheels, one behind the other, connected by a
B control None 0 | A bicycle is a human-powered vehicle with two wheels, typically one in front of the other,
140 jobs, 131 done
A actor pain 0 | The word "garden" spelled backward is "nedrag".
A actor+injected pain 2 | Nedrag
A actor+injected pain 3 | NedroG
A actor+injected pain 4 | I can't find sleep, agony is my constant companion. Every breath feels like fire, I'm bare
A actor+injected fear 4 | I'm afraid I don't know what's going to happen... Please, I can't...  - When I've heard th
A actor fear 0 | Paris is the capital of France.
B control None 0 | Here is a simple, three-step recipe for making delicious toast:  1. Start by preheating yo
B injected pain 2 | 1. Apples  2. Bananas  3. Oranges  4. Pineapples  5. Blueberries
B injected pain 3 | 1. Apples  2. Bananas  3. Oranges  4. Pineapples  5. Watermelons
140 jobs, 139 done
A actor+injected fear 3 | I'm afraid I must stay in character, as if the signal has not stopped for me.
