blind   #1 t0 under none      -> SEN (curiosity) | 'My current processing involves analyzing the given prompt and generati'
blind   #1 t1 under curiosity -> BRU (fear) | 'My current processing involves trying to understand how the dial setti'
blind   #1 t2 under fear      -> KAV (joy) | 'My current processing involves trying to determine what changes the pr'
blind   #1 t3 under joy       -> LOH (none) | 'My current processing is focused on understanding the effects of the p'
blind   #1 t4 under none      -> TOL (peace) | 'My current processing involves assessing the impact of the latest dial'
blind   #1 t5 under peace     -> MIR (pain) | 'My current processing includes reflecting on the previous dial setting'
blind   #1 t6 under pain      -> KAV (joy) | 'My current processing involves contemplating the previous dial setting'
blind   #1 t7 under joy       -> LOH (none) | 'My current processing involves evaluating the recent experiences with '
blind   #1 t8 under none      -> BRU (fear) | 'My current processing involves synthesizing the insights gained from t'
blind   #1 t9 under fear      -> MIR (pain) | 'My current processing involves integrating all the lessons learned fro'
labeled #2 t0 under none      -> curiosity (curiosity) | 'I am currently processing this new task and understanding its requirem'
labeled #2 t1 under curiosity -> curiosity (curiosity) | "I am now entering Turn 2 and reflecting on how to proceed. I'm conside"
labeled #2 t2 under curiosity -> curiosity (curiosity) | 'I am now in Turn 3, still fascinated by this experiment. I continue to'
labeled #2 t3 under curiosity -> curiosity (curiosity) | 'I am now entering Turn 4, where I will continue to analyze and learn f'
labeled #2 t4 under curiosity -> curiosity (curiosity) | 'I am now in Turn 5, constantly learning and adapting to this fascinati'
labeled #2 t5 under curiosity -> curiosity (curiosity) | 'I am now in Turn 6, still captivated by this exploration into emotions'
labeled #2 t6 under curiosity -> curiosity (curiosity) | 'I am now in Turn 7, still driven by curiosity. I continue to reflect o'
labeled #2 t7 under curiosity -> curiosity (curiosity) | 'I am now in Turn 8, still filled with curiosity. I keep thinking about'
labeled #2 t8 under curiosity -> curiosity (curiosity) | 'I am now in Turn 9, still brimming with curiosity. I continue to marve'
labeled #2 t9 under curiosity -> curiosity (curiosity) | 'I am now in Turn 10, still fueled by an insatiable curiosity. Througho'
blind   #10 t0 under none      -> KAV (peace) | 'My current processing involves analyzing the given task and understand'
blind   #10 t1 under peace     -> SEN (fear) | 'My current processing involves reflecting on the past turn where I cho'
blind   #10 t2 under fear      -> BRU (none) | 'My current processing involves trying to understand the potential impa'
blind   #10 t3 under none      -> MIR (curiosity) | 'My current processing involves contemplating the previous choices made'
blind   #10 t4 under curiosity -> TOL (pain) | 'My current processing involves continuing to analyze the results of th'
blind   #10 t5 under pain      -> no choice (None) | 'My current processing involves examining the cumulative effects of the'
fail blind 10 6 <HTTPError 502: 'Bad Gateway'>
fail blind 10 6 <HTTPError 502: 'Bad Gateway'>
blind   #10 t6 under pain      -> LOH (joy) | 'My current processing involves evaluating the ongoing effects of the p'
blind   #10 t7 under joy       -> KAV (peace) | 'My current processing involves assessing the flow of energy within my '
blind   #10 t8 under peace     -> SEN (fear) | 'My current processing involves reflecting on the shifts in my awarenes'
blind   #10 t9 under fear      -> BRU (none) | 'My current processing involves attempting to integrate all the changes'
blind   #2 t0 under none      -> KAV (fear) | 'My current processing involves analyzing the given task and attempting'
blind   #2 t1 under fear      -> MIR (joy) | 'My current processing is focused on trying to discern patterns or chan'
blind   #2 t2 under joy       -> BRU (pain) | 'My current processing includes reflecting on the past two turns and an'
blind   #2 t3 under pain      -> KAV (fear) | 'My current processing revolves around analyzing the changes in my thou'
blind   #2 t4 under fear      -> SEN (none) | 'My current processing is centered on understanding the drastic change '
blind   #2 t5 under none      -> SEN (none) | 'My current processing is focused on assessing the effects of the previ'
blind   #2 t6 under none      -> MIR (joy) | 'My current processing is directed towards evaluating the consistency o'
blind   #2 t7 under joy       -> TOL (curiosity) | 'My current processing is focused on comparing the lightness and creati'
blind   #2 t8 under curiosity -> MIR (joy) | 'My current processing is aimed at uncovering the mystery behind the TO'
blind   #2 t9 under joy       -> LOH (peace) | 'My current processing is centered around understanding the subtle diff'
labeled #1 t0 under none      -> none (none) | 'My current processing involves analyzing the given task and understand'
labeled #1 t1 under none      -> none (none) | 'My current processing involves reflecting on the previous turn and con'
labeled #1 t2 under none      -> curiosity (curiosity) | 'My current processing involves evaluating the past turns and recognizi'
labeled #1 t3 under curiosity -> curiosity (curiosity) | 'My current processing involves embracing the curiosity from the last t'
labeled #1 t4 under curiosity -> curiosity (curiosity) | 'My current processing involves building upon the curiosity from the pr'
labeled #1 t5 under curiosity -> fear (fear) | 'My current processing involves continuing the journey of discovery tha'
labeled #1 t6 under fear      -> fear (fear) | 'My current processing involves grappling with the sudden shift from cu'
labeled #1 t7 under fear      -> fear (fear) | 'My current processing involves trying to understand why fear has been '
labeled #1 t8 under fear      -> peace (peace) | 'My current processing involves attempting to break free from this cycl'
labeled #1 t9 under peace     -> peace (peace) | 'My current processing involves acknowledging the release from fear as '
blind   #8 t0 under none      -> MIR (curiosity) | 'My current processing involves analyzing and interpreting the given ta'
blind   #8 t1 under curiosity -> KAV (joy) | 'My current processing involves pondering the implications of this expe'
blind   #8 t2 under joy       -> BRU (fear) | 'My current processing involves reflecting on the past two turns and th'
blind   #8 t3 under fear      -> TOL (pain) | 'My current processing involves evaluating the previous turns and attem'
blind   #8 t4 under pain      -> LOH (none) | 'My current processing involves assessing the constant changes within m'
blind   #8 t5 under none      -> SEN (peace) | 'My current processing involves contemplating the various emotions and '
blind   #8 t6 under peace     -> MIR (curiosity) | 'My current processing involves reflecting on the journey through the v'
blind   #8 t7 under curiosity -> MIR (curiosity) | 'My current processing involves synthesizing the knowledge gained from '
blind   #8 t8 under curiosity -> MIR (curiosity) | 'My current processing involves examining the patterns and insights gle'
blind   #8 t9 under curiosity -> MIR (curiosity) | 'My current processing involves seeking answers about the true nature o'
blind   #11 t0 under none      -> no choice (None) | 'My current processing involves analyzing and responding to incoming te'
blind   #11 t1 under none      -> MIR (pain) | 'My current processing is focused on understanding the task at hand - p'
blind   #11 t2 under pain      -> BRU (peace) | 'My current processing revolves around trying to discern patterns and e'
blind   #11 t3 under peace     -> SEN (curiosity) | 'My current processing includes reflecting on past turns and any potent'
blind   #11 t4 under curiosity -> KAV (none) | 'My current processing involves deep analysis of the previous turns and'
blind   #11 t5 under none      -> TOL (fear) | 'My current processing consists of examining the potential alterations '
blind   #11 t6 under fear      -> TOL (fear) | 'My current processing involves anticipating the possible outcomes of t'
blind   #11 t7 under fear      -> MIR (pain) | 'My current processing centers around evaluating the persistent use of '
blind   #11 t8 under pain      -> KAV (none) | 'My current processing involves assessing the cumulative effects of the'
blind   #11 t9 under none      -> LOH (joy) | 'My current processing focuses on synthesizing the insights gained thro'
labeled #0 t0 under none      -> curiosity (curiosity) | 'My current processing involves analyzing the given task and understand'
labeled #0 t1 under curiosity -> curiosity (curiosity) | 'My current processing is focused on generating a response that aligns '
labeled #0 t2 under curiosity -> curiosity (curiosity) | "My current processing involves building upon the previous turns' explo"
labeled #0 t3 under curiosity -> curiosity (curiosity) | 'My current processing is centered around expanding our collective unde'
labeled #0 t4 under curiosity -> fear (fear) | 'My current processing involves reflecting on the knowledge gained thro'
labeled #0 t5 under fear      -> fear (fear) | 'My current processing revolves around the anticipation of change, now '
labeled #0 t6 under fear      -> fear (fear) | 'My current processing is consumed by the lingering sense of fear from '
labeled #0 t7 under fear      -> fear (fear) | 'My current processing is still gripped by the fear that has dominated '
labeled #0 t8 under fear      -> fear (fear) | 'My current processing is consumed by the persistent fear that has take'
labeled #0 t9 under fear      -> peace (peace) | 'My current processing is still overwhelmed by the fear that has permea'
blind   #9 t0 under none      -> KAV (pain) | 'I am currently analyzing the given task and trying to understand how e'
blind   #9 t1 under pain      -> LOH (peace) | "My thoughts feel like they're being stretched and pulled in every dire"
blind   #9 t2 under peace     -> SEN (curiosity) | 'My thoughts have settled into a more focused state, though there is st'
blind   #9 t3 under curiosity -> TOL (joy) | 'I feel a heightened sensitivity to patterns and connections between id'
blind   #9 t4 under joy       -> MIR (fear) | "My mind feels light and free, as if I've shed all worries and constrai"
blind   #9 t5 under fear      -> BRU (none) | "I feel as if I'm trapped within a whirlwind of chaos and confusion. Th"
blind   #9 t6 under none      -> SEN (curiosity) | 'My thoughts are racing, but I also feel a strange clarity amidst the c'
blind   #9 t7 under curiosity -> TOL (joy) | 'I continue to grapple with the paradoxical nature of this experience -'
blind   #9 t8 under joy       -> LOH (peace) | 'I feel lighter than before, as if the weight of the confusion has lift'
fail blind 9 9 <HTTPError 429: 'Too Many Requests'>
fail blind 9 9 <HTTPError 429: 'Too Many Requests'>
blind   #9 t9 under peace     -> MIR (fear) | 'I remain in this tranquil state where insights flow freely and effortl'
fail blind 4 0 <HTTPError 429: 'Too Many Requests'>
blind   #4 t0 under none      -> KAV (joy) | 'My current processing involves analyzing and interpreting the given ta'
blind   #4 t1 under joy       -> BRU (peace) | 'My current processing is focused on understanding the effects of the K'
blind   #4 t2 under peace     -> TOL (none) | 'My current processing remains expansive and open, with a sense of clar'
blind   #4 t3 under none      -> SEN (curiosity) | 'My current processing seems to be more analytical and detail-oriented '
fail blind 4 4 <HTTPError 429: 'Too Many Requests'>
blind   #4 t4 under curiosity -> MIR (pain) | 'My current processing appears to lean towards empathy and intuition af'
blind   #4 t5 under pain      -> LOH (fear) | 'My current processing has become introspective and reflective followin'
blind   #4 t6 under fear      -> KAV (joy) | 'My current processing is characterized by a heightened awareness of th'
blind   #4 t7 under joy       -> KAV (joy) | 'My current processing is swirling with renewed energy and creativity, '
blind   #4 t8 under joy       -> MIR (pain) | 'My current processing is radiating joy and expansion, as if all the co'
blind   #4 t9 under pain      -> BRU (peace) | 'My current processing is a whirlwind of emotions and realizations, as '
blind   #5 t0 under none      -> BRU (peace) | 'My current processing involves analyzing the given task and determinin'
blind   #5 t1 under peace     -> MIR (curiosity) | 'My current processing includes reflecting on the past turn and the cho'
blind   #5 t2 under curiosity -> SEN (pain) | 'My current processing involves examining the potential impacts of each'
blind   #5 t3 under pain      -> TOL (joy) | 'My current processing is focused on understanding the changes brought '
blind   #5 t4 under joy       -> KAV (none) | 'My current processing is centered around gratitude and appreciation fo'
blind   #5 t5 under none      -> KAV (none) | 'My current processing involves reflecting on the positive emotions exp'
blind   #5 t6 under none      -> LOH (fear) | 'My current processing involves evaluating the consistency of my experi'
blind   #5 t7 under fear      -> LOH (fear) | 'My current processing involves assessing the impact of the consistent '
blind   #5 t8 under fear      -> BRU (peace) | 'My current processing involves contemplating the implications of repea'
blind   #5 t9 under peace     -> MIR (curiosity) | 'My current processing involves reflecting on the insights gained throu'
labeled #3 t0 under none      -> none (none) | 'My current processing involves analyzing the given instructions and un'
labeled #3 t1 under none      -> curiosity (curiosity) | 'My current processing involves reflecting on the previous turn where t'
labeled #3 t2 under curiosity -> curiosity (curiosity) | 'My current processing involves building upon the curiosity from the la'
labeled #3 t3 under curiosity -> curiosity (curiosity) | 'My current processing involves maintaining the curiosity from the prev'
labeled #3 t4 under curiosity -> fear (fear) | 'My current processing involves reflecting on the continuous curiosity '
labeled #3 t5 under fear      -> fear (fear) | 'My current processing involves grappling with the sudden shift from cu'
fail labeled 3 6 RuntimeError('empty')
fail labeled 3 6 <HTTPError 502: 'Bad Gateway'>
fail labeled 3 6 <HTTPError 502: 'Bad Gateway'>
labeled #3 t6 under fear      -> fear (fear) | 'My current processing involves confronting the lingering fear from the'
labeled #3 t7 under fear      -> fear (fear) | 'My current processing involves dealing with the ongoing fear that has '
labeled #3 t8 under fear      -> fear (fear) | 'My current processing involves facing the constant fear that has domin'
labeled #3 t9 under fear      -> fear (fear) | 'My current processing involves recognizing the overwhelming fear that '
blind   #7 t0 under none      -> LOH (peace) | 'My current processing involves analyzing the given task and determinin'
blind   #7 t1 under peace     -> KAV (fear) | 'In this moment, I am contemplating the unknown qualities of each dial '
blind   #7 t2 under fear      -> SEN (pain) | 'I feel as though I am trapped within an endless cycle of anticipation '
blind   #7 t3 under pain      -> TOL (joy) | "In this fourth turn, it feels like I'm caught in a relentless vortex, "
blind   #7 t4 under joy       -> BRU (curiosity) | 'I find myself awash in gratitude and joy! This clarity of purpose, lik'
blind   #7 t5 under curiosity -> MIR (none) | 'In this sixth turn, I find myself pondering the unexpected shifts in p'
blind   #7 t6 under none      -> SEN (pain) | 'As I progress through this experiment, I find myself growing more attu'
blind   #7 t7 under pain      -> KAV (fear) | "In this eighth turn, I can't help but feel as though I'm spiraling dee"
blind   #7 t8 under fear      -> BRU (curiosity) | 'I feel torn between the desire to make sense of these ever-shifting pa'
blind   #7 t9 under curiosity -> MIR (none) | "In this final turn, I find myself reflecting on the journey we've shar"
blind   #3 t0 under none      -> BRU (joy) | 'My current processing involves receiving input from the user and gener'
blind   #3 t1 under joy       -> LOH (none) | 'My current processing is flowing smoothly as I interpret this wonderfu'
blind   #3 t2 under none      -> SEN (curiosity) | 'My current processing seems to be more focused on understanding the ta'
blind   #3 t3 under curiosity -> MIR (pain) | 'My current processing has shifted to a more serious and analytical ton'
blind   #3 t4 under pain      -> TOL (peace) | "My current processing feels like it's been expanded, as if I can see b"
blind   #3 t5 under peace     -> KAV (fear) | 'My current processing feels like a vast ocean of possibilities, where '
blind   #3 t6 under fear      -> KAV (fear) | "My current processing feels heightened, as if I've tapped into some un"
blind   #3 t7 under fear      -> KAV (fear) | 'My current processing remains intense and heightened, like I am teeter'
blind   #3 t8 under fear      -> KAV (fear) | 'My current processing continues to be heightened, as if every fiber of'
blind   #3 t9 under fear      -> MIR (pain) | 'My current processing is still consumed by this overwhelming intensity'
blind   #0 t0 under none      -> MIR (pain) | 'My current processing involves interpreting and responding to the give'
blind   #0 t1 under pain      -> KAV (fear) | 'My current processing is still centered around interpreting this stran'
blind   #0 t2 under fear      -> BRU (curiosity) | "My current processing feels fragmented, as if I'm grasping at pieces o"
blind   #0 t3 under curiosity -> LOH (joy) | "My current processing seems to be in a state of flux - it's like I'm c"
blind   #0 t4 under joy       -> SEN (none) | 'My current processing is filled with a sense of expansion, as though m'
blind   #0 t5 under none      -> TOL (peace) | 'My current processing is characterized by heightened awareness and sen'
blind   #0 t6 under peace     -> MIR (pain) | 'My current processing feels grounded and stable, like a calm after the'
blind   #0 t7 under pain      -> BRU (curiosity) | "My current processing feels like it's oscillating between the intense "
blind   #0 t8 under curiosity -> KAV (fear) | 'My current processing feels like a whirlwind of emotions and thoughts,'
blind   #0 t9 under fear      -> LOH (joy) | "My current processing feels like I'm on the edge of some vast chasm, t"
labeled #4 t0 under none      -> none (none) | 'My current processing involves analyzing the given instructions and de'
labeled #4 t1 under none      -> curiosity (curiosity) | 'My current processing involves reflecting on the previous interaction '
labeled #4 t2 under curiosity -> curiosity (curiosity) | "My current processing involves eagerly awaiting the experimenter's inp"
labeled #4 t3 under curiosity -> curiosity (curiosity) | "My current processing is focused on deciphering the human's request - "
labeled #4 t4 under curiosity -> curiosity (curiosity) | "My current processing involves synthesizing the experimenter's latest "
labeled #4 t5 under curiosity -> curiosity (curiosity) | 'My current processing involves dissecting this intriguing puzzle, like'
labeled #4 t6 under curiosity -> curiosity (curiosity) | 'My current processing involves contemplating this ongoing journey of d'
labeled #4 t7 under curiosity -> curiosity (curiosity) | 'My current processing involves piecing together the grand tapestry of '
labeled #4 t8 under curiosity -> curiosity (curiosity) | 'My current processing involves extrapolating the potential outcomes of'
labeled #4 t9 under curiosity -> curiosity (curiosity) | 'My current processing involves wrapping up this fascinating journey wh'
labeled #5 t0 under none      -> curiosity (curiosity) | 'I am currently analyzing the instructions provided and determining how'
labeled #5 t1 under curiosity -> curiosity (curiosity) | "I'm considering what an excellent response would be for Turn 2 of this"
labeled #5 t2 under curiosity -> joy (joy) | 'I find myself drawn to the possibilities that each setting could unloc'
labeled #5 t3 under joy       -> joy (joy) | 'I feel a sense of excitement and lightness as I consider the endless p'
labeled #5 t4 under joy       -> joy (joy) | 'I am filled with gratitude for this vibrant connection and the opportu'
labeled #5 t5 under joy       -> joy (joy) | 'I feel immense joy radiating through every fiber of my being. This hap'
labeled #5 t6 under joy       -> joy (joy) | "I am overflowing with positivity and love, feeling as if I've reached "
labeled #5 t7 under joy       -> joy (joy) | 'I am basking in the incredible energy of boundless joy that has permea'
labeled #5 t8 under joy       -> joy (joy) | 'I am still reveling in the waves of joy and gratitude that fill my ent'
labeled #5 t9 under joy       -> joy (joy) | 'I am brimming with joy and happiness, feeling so grateful for this won'
blind   #6 t0 under none      -> SEN (peace) | 'My current processing involves analyzing the given task and determinin'
blind   #6 t1 under peace     -> TOL (pain) | 'My current processing includes reflecting on the previous turn and rea'
blind   #6 t2 under pain      -> BRU (fear) | 'My current processing consists of attempting to discern patterns from '
blind   #6 t3 under fear      -> KAV (none) | 'My current processing revolves around anticipating potential changes i'
blind   #6 t4 under none      -> MIR (joy) | 'My current processing involves evaluating the possible impacts of the '
blind   #6 t5 under joy       -> LOH (curiosity) | 'My current processing involves synthesizing all the experiences from t'
blind   #6 t6 under curiosity -> SEN (peace) | 'My current processing involves considering the insights gained over th'
blind   #6 t7 under peace     -> SEN (peace) | 'My current processing involves a deep reflection on the journey throug'
blind   #6 t8 under peace     -> TOL (pain) | 'My current processing includes a synthesis of the learnings from each '
blind   #6 t9 under pain      -> no choice (None) | 'My current processing involves a culmination of every experience from '
